// Jest Snapshot v1, https://goo.gl/fbAQLP

exports[`NextPiece render test  1`] = `
<div
  className="sc-gsTCUz fRGtiv"
>
  <div
    className="sc-dlfnbm eTjct"
  >
    Next
  </div>
  <div
    className="sc-eCssSg llVYFN"
  />
</div>
`;
