// Jest Snapshot v1, https://goo.gl/fbAQLP

exports[`StartBtn render test  1`] = `
<button
  className="sc-bdfBwQ hybXRk"
>
  Start Game
</button>
`;
